[adarkroom.doublespeakgames.com/index.html]
[backblue.gif]
[fade.gif]
[index.html]
[adarkroom.doublespeakgames.com/img/adr.png]
[adarkroom.doublespeakgames.com/favicon.ico]
[ajax.googleapis.com/ajax/libs/jquery/1.10.1/jquery.min.js]
[adarkroom.doublespeakgames.com/lib/jquery.min.js]
[adarkroom.doublespeakgames.com/lib/jquery.color-2.1.2.min.js]
[adarkroom.doublespeakgames.com/lib/jquery.event.move.js]
[adarkroom.doublespeakgames.com/lib/jquery.event.swipe.js]
[adarkroom.doublespeakgames.com/lib/base64.js]
[adarkroom.doublespeakgames.com/lib/translate.js]
[adarkroom.doublespeakgames.com/lang/langs.js]
[adarkroom.doublespeakgames.com/script/Button.js]
[adarkroom.doublespeakgames.com/script/audioLibrary.js]
[adarkroom.doublespeakgames.com/script/audio.js]
[adarkroom.doublespeakgames.com/script/engine.js]
[adarkroom.doublespeakgames.com/script/state_manager.js]
[adarkroom.doublespeakgames.com/script/header.js]
[adarkroom.doublespeakgames.com/script/notifications.js]
[adarkroom.doublespeakgames.com/script/events.js]
[adarkroom.doublespeakgames.com/script/room.js]
[adarkroom.doublespeakgames.com/script/outside.js]
[adarkroom.doublespeakgames.com/script/world.js]
[adarkroom.doublespeakgames.com/script/path.js]
[adarkroom.doublespeakgames.com/script/ship.js]
[adarkroom.doublespeakgames.com/script/space.js]
[adarkroom.doublespeakgames.com/script/fabricator.js]
[adarkroom.doublespeakgames.com/script/prestige.js]
[adarkroom.doublespeakgames.com/script/scoring.js]
[adarkroom.doublespeakgames.com/script/events/global.js]
[adarkroom.doublespeakgames.com/script/events/room.js]
[adarkroom.doublespeakgames.com/script/events/outside.js]
[adarkroom.doublespeakgames.com/script/events/encounters.js]
[adarkroom.doublespeakgames.com/script/events/setpieces.js]
[adarkroom.doublespeakgames.com/script/events/marketing.js]
[adarkroom.doublespeakgames.com/script/events/executioner.js]
[adarkroom.doublespeakgames.com/css/main.css]
[adarkroom.doublespeakgames.com/css/room.css]
[adarkroom.doublespeakgames.com/css/outside.css]
[adarkroom.doublespeakgames.com/css/path.css]
[adarkroom.doublespeakgames.com/css/world.css]
[adarkroom.doublespeakgames.com/css/ship.css]
[adarkroom.doublespeakgames.com/css/space.css]
[adarkroom.doublespeakgames.com/css/fabricator.css]
[adarkroom.doublespeakgames.com/index.html]
[adarkroom.doublespeakgames.com/css/main.css]
[adarkroom.doublespeakgames.com/css/room.css]
[adarkroom.doublespeakgames.com/css/outside.css]
[adarkroom.doublespeakgames.com/css/path.css]
[adarkroom.doublespeakgames.com/css/world.css]
[adarkroom.doublespeakgames.com/css/ship.css]
[adarkroom.doublespeakgames.com/css/space.css]
[adarkroom.doublespeakgames.com/css/fabricator.css]
[adarkroom.doublespeakgames.com/script/localization.js]
